This is pdfTeX, Version 3.141592653-2.6-1.40.27 (TeX Live 2025) (preloaded format=pdflatex 2025.12.31)  10 JUN 2026 14:46
entering extended mode
 restricted \write18 enabled.
 %&-line parsing enabled.
**latex_temp_ms.tex
(./latex_temp_ms.tex
LaTeX2e <2024-11-01> patch level 2
L3 programming layer <2025-01-18>
(/usr/local/texlive/2025/texmf-dist/tex/latex/base/article.cls
Document Class: article 2024/06/29 v1.4n Standard LaTeX document class
(/usr/local/texlive/2025/texmf-dist/tex/latex/base/size12.clo
File: size12.clo 2024/06/29 v1.4n Standard LaTeX file (size option)
)
\c@part=\count196
\c@section=\count197
\c@subsection=\count198
\c@subsubsection=\count199
\c@paragraph=\count266
\c@subparagraph=\count267
\c@figure=\count268
\c@table=\count269
\abovecaptionskip=\skip49
\belowcaptionskip=\skip50
\bibindent=\dimen141
)
(/usr/local/texlive/2025/texmf-dist/tex/latex/base/inputenc.sty
Package: inputenc 2024/02/08 v1.3d Input encoding file
\inpenc@prehook=\toks17
\inpenc@posthook=\toks18
)
(/usr/local/texlive/2025/texmf-dist/tex/latex/amsmath/amsmath.sty
Package: amsmath 2024/11/05 v2.17t AMS math features
\@mathmargin=\skip51

For additional information on amsmath, use the `?' option.
(/usr/local/texlive/2025/texmf-dist/tex/latex/amsmath/amstext.sty
Package: amstext 2021/08/26 v2.01 AMS text

(/usr/local/texlive/2025/texmf-dist/tex/latex/amsmath/amsgen.sty
File: amsgen.sty 1999/11/30 v2.0 generic functions
\@emptytoks=\toks19
\ex@=\dimen142
))
(/usr/local/texlive/2025/texmf-dist/tex/latex/amsmath/amsbsy.sty
Package: amsbsy 1999/11/29 v1.2d Bold Symbols
\pmbraise@=\dimen143
)
(/usr/local/texlive/2025/texmf-dist/tex/latex/amsmath/amsopn.sty
Package: amsopn 2022/04/08 v2.04 operator names
)
\inf@bad=\count270
LaTeX Info: Redefining \frac on input line 233.
\uproot@=\count271
\leftroot@=\count272
LaTeX Info: Redefining \overline on input line 398.
LaTeX Info: Redefining \colon on input line 409.
\classnum@=\count273
\DOTSCASE@=\count274
LaTeX Info: Redefining \ldots on input line 495.
LaTeX Info: Redefining \dots on input line 498.
LaTeX Info: Redefining \cdots on input line 619.
\Mathstrutbox@=\box52
\strutbox@=\box53
LaTeX Info: Redefining \big on input line 721.
LaTeX Info: Redefining \Big on input line 722.
LaTeX Info: Redefining \bigg on input line 723.
LaTeX Info: Redefining \Bigg on input line 724.
\big@size=\dimen144
LaTeX Font Info:    Redeclaring font encoding OML on input line 742.
LaTeX Font Info:    Redeclaring font encoding OMS on input line 743.
\macc@depth=\count275
LaTeX Info: Redefining \bmod on input line 904.
LaTeX Info: Redefining \pmod on input line 909.
LaTeX Info: Redefining \smash on input line 939.
LaTeX Info: Redefining \relbar on input line 969.
LaTeX Info: Redefining \Relbar on input line 970.
\c@MaxMatrixCols=\count276
\dotsspace@=\muskip17
\c@parentequation=\count277
\dspbrk@lvl=\count278
\tag@help=\toks20
\row@=\count279
\column@=\count280
\maxfields@=\count281
\andhelp@=\toks21
\eqnshift@=\dimen145
\alignsep@=\dimen146
\tagshift@=\dimen147
\tagwidth@=\dimen148
\totwidth@=\dimen149
\lineht@=\dimen150
\@envbody=\toks22
\multlinegap=\skip52
\multlinetaggap=\skip53
\mathdisplay@stack=\toks23
LaTeX Info: Redefining \[ on input line 2953.
LaTeX Info: Redefining \] on input line 2954.
)
(/usr/local/texlive/2025/texmf-dist/tex/latex/amsfonts/amssymb.sty
Package: amssymb 2013/01/14 v3.01 AMS font symbols

(/usr/local/texlive/2025/texmf-dist/tex/latex/amsfonts/amsfonts.sty
Package: amsfonts 2013/01/14 v3.01 Basic AMSFonts support
\symAMSa=\mathgroup4
\symAMSb=\mathgroup5
LaTeX Font Info:    Redeclaring math symbol \hbar on input line 98.
LaTeX Font Info:    Overwriting math alphabet `\mathfrak' in version `bold'
(Font)                  U/euf/m/n --> U/euf/b/n on input line 106.
))
(/usr/local/texlive/2025/texmf-dist/tex/latex/pgf/frontendlayer/tikz.sty
(/usr/local/texlive/2025/texmf-dist/tex/latex/pgf/basiclayer/pgf.sty
(/usr/local/texlive/2025/texmf-dist/tex/latex/pgf/utilities/pgfrcs.sty
(/usr/local/texlive/2025/texmf-dist/tex/generic/pgf/utilities/pgfutil-common.te
x
\pgfutil@everybye=\toks24
\pgfutil@tempdima=\dimen151
\pgfutil@tempdimb=\dimen152
)
(/usr/local/texlive/2025/texmf-dist/tex/generic/pgf/utilities/pgfutil-latex.def
\pgfutil@abb=\box54
) (/usr/local/texlive/2025/texmf-dist/tex/generic/pgf/utilities/pgfrcs.code.tex
(/usr/local/texlive/2025/texmf-dist/tex/generic/pgf/pgf.revision.tex)
Package: pgfrcs 2023-01-15 v3.1.10 (3.1.10)
))
Package: pgf 2023-01-15 v3.1.10 (3.1.10)

(/usr/local/texlive/2025/texmf-dist/tex/latex/pgf/basiclayer/pgfcore.sty
(/usr/local/texlive/2025/texmf-dist/tex/latex/graphics/graphicx.sty
Package: graphicx 2021/09/16 v1.2d Enhanced LaTeX Graphics (DPC,SPQR)

(/usr/local/texlive/2025/texmf-dist/tex/latex/graphics/keyval.sty
Package: keyval 2022/05/29 v1.15 key=value parser (DPC)
\KV@toks@=\toks25
)
(/usr/local/texlive/2025/texmf-dist/tex/latex/graphics/graphics.sty
Package: graphics 2024/08/06 v1.4g Standard LaTeX Graphics (DPC,SPQR)

(/usr/local/texlive/2025/texmf-dist/tex/latex/graphics/trig.sty
Package: trig 2023/12/02 v1.11 sin cos tan (DPC)
)
(/usr/local/texlive/2025/texmf-dist/tex/latex/graphics-cfg/graphics.cfg
File: graphics.cfg 2016/06/04 v1.11 sample graphics configuration
)
Package graphics Info: Driver file: pdftex.def on input line 106.

(/usr/local/texlive/2025/texmf-dist/tex/latex/graphics-def/pdftex.def
File: pdftex.def 2024/04/13 v1.2c Graphics/color driver for pdftex
))
\Gin@req@height=\dimen153
\Gin@req@width=\dimen154
)
(/usr/local/texlive/2025/texmf-dist/tex/latex/pgf/systemlayer/pgfsys.sty
(/usr/local/texlive/2025/texmf-dist/tex/generic/pgf/systemlayer/pgfsys.code.tex
Package: pgfsys 2023-01-15 v3.1.10 (3.1.10)
(/usr/local/texlive/2025/texmf-dist/tex/generic/pgf/utilities/pgfkeys.code.tex
\pgfkeys@pathtoks=\toks26
\pgfkeys@temptoks=\toks27

(/usr/local/texlive/2025/texmf-dist/tex/generic/pgf/utilities/pgfkeyslibraryfil
tered.code.tex
\pgfkeys@tmptoks=\toks28
))
\pgf@x=\dimen155
\pgf@y=\dimen156
\pgf@xa=\dimen157
\pgf@ya=\dimen158
\pgf@xb=\dimen159
\pgf@yb=\dimen160
\pgf@xc=\dimen161
\pgf@yc=\dimen162
\pgf@xd=\dimen163
\pgf@yd=\dimen164
\w@pgf@writea=\write3
\r@pgf@reada=\read2
\c@pgf@counta=\count282
\c@pgf@countb=\count283
\c@pgf@countc=\count284
\c@pgf@countd=\count285
\t@pgf@toka=\toks29
\t@pgf@tokb=\toks30
\t@pgf@tokc=\toks31
\pgf@sys@id@count=\count286

(/usr/local/texlive/2025/texmf-dist/tex/generic/pgf/systemlayer/pgf.cfg
File: pgf.cfg 2023-01-15 v3.1.10 (3.1.10)
)
Driver file for pgf: pgfsys-pdftex.def

(/usr/local/texlive/2025/texmf-dist/tex/generic/pgf/systemlayer/pgfsys-pdftex.d
ef
File: pgfsys-pdftex.def 2023-01-15 v3.1.10 (3.1.10)

(/usr/local/texlive/2025/texmf-dist/tex/generic/pgf/systemlayer/pgfsys-common-p
df.def
File: pgfsys-common-pdf.def 2023-01-15 v3.1.10 (3.1.10)
)))
(/usr/local/texlive/2025/texmf-dist/tex/generic/pgf/systemlayer/pgfsyssoftpath.
code.tex
File: pgfsyssoftpath.code.tex 2023-01-15 v3.1.10 (3.1.10)
\pgfsyssoftpath@smallbuffer@items=\count287
\pgfsyssoftpath@bigbuffer@items=\count288
)
(/usr/local/texlive/2025/texmf-dist/tex/generic/pgf/systemlayer/pgfsysprotocol.
code.tex
File: pgfsysprotocol.code.tex 2023-01-15 v3.1.10 (3.1.10)
)) (/usr/local/texlive/2025/texmf-dist/tex/latex/xcolor/xcolor.sty
Package: xcolor 2024/09/29 v3.02 LaTeX color extensions (UK)

(/usr/local/texlive/2025/texmf-dist/tex/latex/graphics-cfg/color.cfg
File: color.cfg 2016/01/02 v1.6 sample color configuration
)
Package xcolor Info: Driver file: pdftex.def on input line 274.

(/usr/local/texlive/2025/texmf-dist/tex/latex/graphics/mathcolor.ltx)
Package xcolor Info: Model `cmy' substituted by `cmy0' on input line 1349.
Package xcolor Info: Model `hsb' substituted by `rgb' on input line 1353.
Package xcolor Info: Model `RGB' extended on input line 1365.
Package xcolor Info: Model `HTML' substituted by `rgb' on input line 1367.
Package xcolor Info: Model `Hsb' substituted by `hsb' on input line 1368.
Package xcolor Info: Model `tHsb' substituted by `hsb' on input line 1369.
Package xcolor Info: Model `HSB' substituted by `hsb' on input line 1370.
Package xcolor Info: Model `Gray' substituted by `gray' on input line 1371.
Package xcolor Info: Model `wave' substituted by `hsb' on input line 1372.
)
(/usr/local/texlive/2025/texmf-dist/tex/generic/pgf/basiclayer/pgfcore.code.tex
Package: pgfcore 2023-01-15 v3.1.10 (3.1.10)
(/usr/local/texlive/2025/texmf-dist/tex/generic/pgf/math/pgfmath.code.tex
(/usr/local/texlive/2025/texmf-dist/tex/generic/pgf/math/pgfmathutil.code.tex)
(/usr/local/texlive/2025/texmf-dist/tex/generic/pgf/math/pgfmathparser.code.tex
\pgfmath@dimen=\dimen165
\pgfmath@count=\count289
\pgfmath@box=\box55
\pgfmath@toks=\toks32
\pgfmath@stack@operand=\toks33
\pgfmath@stack@operation=\toks34
)
(/usr/local/texlive/2025/texmf-dist/tex/generic/pgf/math/pgfmathfunctions.code.
tex)
(/usr/local/texlive/2025/texmf-dist/tex/generic/pgf/math/pgfmathfunctions.basic
.code.tex)
(/usr/local/texlive/2025/texmf-dist/tex/generic/pgf/math/pgfmathfunctions.trigo
nometric.code.tex)
(/usr/local/texlive/2025/texmf-dist/tex/generic/pgf/math/pgfmathfunctions.rando
m.code.tex)
(/usr/local/texlive/2025/texmf-dist/tex/generic/pgf/math/pgfmathfunctions.compa
rison.code.tex)
(/usr/local/texlive/2025/texmf-dist/tex/generic/pgf/math/pgfmathfunctions.base.
code.tex)
(/usr/local/texlive/2025/texmf-dist/tex/generic/pgf/math/pgfmathfunctions.round
.code.tex)
(/usr/local/texlive/2025/texmf-dist/tex/generic/pgf/math/pgfmathfunctions.misc.
code.tex)
(/usr/local/texlive/2025/texmf-dist/tex/generic/pgf/math/pgfmathfunctions.integ
erarithmetics.code.tex)
(/usr/local/texlive/2025/texmf-dist/tex/generic/pgf/math/pgfmathcalc.code.tex)
(/usr/local/texlive/2025/texmf-dist/tex/generic/pgf/math/pgfmathfloat.code.tex
\c@pgfmathroundto@lastzeros=\count290
)) (/usr/local/texlive/2025/texmf-dist/tex/generic/pgf/math/pgfint.code.tex)
(/usr/local/texlive/2025/texmf-dist/tex/generic/pgf/basiclayer/pgfcorepoints.co
de.tex
File: pgfcorepoints.code.tex 2023-01-15 v3.1.10 (3.1.10)
\pgf@picminx=\dimen166
\pgf@picmaxx=\dimen167
\pgf@picminy=\dimen168
\pgf@picmaxy=\dimen169
\pgf@pathminx=\dimen170
\pgf@pathmaxx=\dimen171
\pgf@pathminy=\dimen172
\pgf@pathmaxy=\dimen173
\pgf@xx=\dimen174
\pgf@xy=\dimen175
\pgf@yx=\dimen176
\pgf@yy=\dimen177
\pgf@zx=\dimen178
\pgf@zy=\dimen179
)
(/usr/local/texlive/2025/texmf-dist/tex/generic/pgf/basiclayer/pgfcorepathconst
ruct.code.tex
File: pgfcorepathconstruct.code.tex 2023-01-15 v3.1.10 (3.1.10)
\pgf@path@lastx=\dimen180
\pgf@path@lasty=\dimen181
)
(/usr/local/texlive/2025/texmf-dist/tex/generic/pgf/basiclayer/pgfcorepathusage
.code.tex
File: pgfcorepathusage.code.tex 2023-01-15 v3.1.10 (3.1.10)
\pgf@shorten@end@additional=\dimen182
\pgf@shorten@start@additional=\dimen183
)
(/usr/local/texlive/2025/texmf-dist/tex/generic/pgf/basiclayer/pgfcorescopes.co
de.tex
File: pgfcorescopes.code.tex 2023-01-15 v3.1.10 (3.1.10)
\pgfpic=\box56
\pgf@hbox=\box57
\pgf@layerbox@main=\box58
\pgf@picture@serial@count=\count291
)
(/usr/local/texlive/2025/texmf-dist/tex/generic/pgf/basiclayer/pgfcoregraphicst
ate.code.tex
File: pgfcoregraphicstate.code.tex 2023-01-15 v3.1.10 (3.1.10)
\pgflinewidth=\dimen184
)
(/usr/local/texlive/2025/texmf-dist/tex/generic/pgf/basiclayer/pgfcoretransform
ations.code.tex
File: pgfcoretransformations.code.tex 2023-01-15 v3.1.10 (3.1.10)
\pgf@pt@x=\dimen185
\pgf@pt@y=\dimen186
\pgf@pt@temp=\dimen187
)
(/usr/local/texlive/2025/texmf-dist/tex/generic/pgf/basiclayer/pgfcorequick.cod
e.tex
File: pgfcorequick.code.tex 2023-01-15 v3.1.10 (3.1.10)
)
(/usr/local/texlive/2025/texmf-dist/tex/generic/pgf/basiclayer/pgfcoreobjects.c
ode.tex
File: pgfcoreobjects.code.tex 2023-01-15 v3.1.10 (3.1.10)
)
(/usr/local/texlive/2025/texmf-dist/tex/generic/pgf/basiclayer/pgfcorepathproce
ssing.code.tex
File: pgfcorepathprocessing.code.tex 2023-01-15 v3.1.10 (3.1.10)
)
(/usr/local/texlive/2025/texmf-dist/tex/generic/pgf/basiclayer/pgfcorearrows.co
de.tex
File: pgfcorearrows.code.tex 2023-01-15 v3.1.10 (3.1.10)
\pgfarrowsep=\dimen188
)
(/usr/local/texlive/2025/texmf-dist/tex/generic/pgf/basiclayer/pgfcoreshade.cod
e.tex
File: pgfcoreshade.code.tex 2023-01-15 v3.1.10 (3.1.10)
\pgf@max=\dimen189
\pgf@sys@shading@range@num=\count292
\pgf@shadingcount=\count293
)
(/usr/local/texlive/2025/texmf-dist/tex/generic/pgf/basiclayer/pgfcoreimage.cod
e.tex
File: pgfcoreimage.code.tex 2023-01-15 v3.1.10 (3.1.10)
)
(/usr/local/texlive/2025/texmf-dist/tex/generic/pgf/basiclayer/pgfcoreexternal.
code.tex
File: pgfcoreexternal.code.tex 2023-01-15 v3.1.10 (3.1.10)
\pgfexternal@startupbox=\box59
)
(/usr/local/texlive/2025/texmf-dist/tex/generic/pgf/basiclayer/pgfcorelayers.co
de.tex
File: pgfcorelayers.code.tex 2023-01-15 v3.1.10 (3.1.10)
)
(/usr/local/texlive/2025/texmf-dist/tex/generic/pgf/basiclayer/pgfcoretranspare
ncy.code.tex
File: pgfcoretransparency.code.tex 2023-01-15 v3.1.10 (3.1.10)
)
(/usr/local/texlive/2025/texmf-dist/tex/generic/pgf/basiclayer/pgfcorepatterns.
code.tex
File: pgfcorepatterns.code.tex 2023-01-15 v3.1.10 (3.1.10)
)
(/usr/local/texlive/2025/texmf-dist/tex/generic/pgf/basiclayer/pgfcorerdf.code.
tex
File: pgfcorerdf.code.tex 2023-01-15 v3.1.10 (3.1.10)
)))
(/usr/local/texlive/2025/texmf-dist/tex/generic/pgf/modules/pgfmoduleshapes.cod
e.tex
File: pgfmoduleshapes.code.tex 2023-01-15 v3.1.10 (3.1.10)
\pgfnodeparttextbox=\box60
)
(/usr/local/texlive/2025/texmf-dist/tex/generic/pgf/modules/pgfmoduleplot.code.
tex
File: pgfmoduleplot.code.tex 2023-01-15 v3.1.10 (3.1.10)
)
(/usr/local/texlive/2025/texmf-dist/tex/latex/pgf/compatibility/pgfcomp-version
-0-65.sty
Package: pgfcomp-version-0-65 2023-01-15 v3.1.10 (3.1.10)
\pgf@nodesepstart=\dimen190
\pgf@nodesepend=\dimen191
)
(/usr/local/texlive/2025/texmf-dist/tex/latex/pgf/compatibility/pgfcomp-version
-1-18.sty
Package: pgfcomp-version-1-18 2023-01-15 v3.1.10 (3.1.10)
))
(/usr/local/texlive/2025/texmf-dist/tex/latex/pgf/utilities/pgffor.sty
(/usr/local/texlive/2025/texmf-dist/tex/latex/pgf/utilities/pgfkeys.sty
(/usr/local/texlive/2025/texmf-dist/tex/generic/pgf/utilities/pgfkeys.code.tex)
) (/usr/local/texlive/2025/texmf-dist/tex/latex/pgf/math/pgfmath.sty
(/usr/local/texlive/2025/texmf-dist/tex/generic/pgf/math/pgfmath.code.tex))
(/usr/local/texlive/2025/texmf-dist/tex/generic/pgf/utilities/pgffor.code.tex
Package: pgffor 2023-01-15 v3.1.10 (3.1.10)
\pgffor@iter=\dimen192
\pgffor@skip=\dimen193
\pgffor@stack=\toks35
\pgffor@toks=\toks36
))
(/usr/local/texlive/2025/texmf-dist/tex/generic/pgf/frontendlayer/tikz/tikz.cod
e.tex
Package: tikz 2023-01-15 v3.1.10 (3.1.10)

(/usr/local/texlive/2025/texmf-dist/tex/generic/pgf/libraries/pgflibraryplothan
dlers.code.tex
File: pgflibraryplothandlers.code.tex 2023-01-15 v3.1.10 (3.1.10)
\pgf@plot@mark@count=\count294
\pgfplotmarksize=\dimen194
)
\tikz@lastx=\dimen195
\tikz@lasty=\dimen196
\tikz@lastxsaved=\dimen197
\tikz@lastysaved=\dimen198
\tikz@lastmovetox=\dimen199
\tikz@lastmovetoy=\dimen256
\tikzleveldistance=\dimen257
\tikzsiblingdistance=\dimen258
\tikz@figbox=\box61
\tikz@figbox@bg=\box62
\tikz@tempbox=\box63
\tikz@tempbox@bg=\box64
\tikztreelevel=\count295
\tikznumberofchildren=\count296
\tikznumberofcurrentchild=\count297
\tikz@fig@count=\count298

(/usr/local/texlive/2025/texmf-dist/tex/generic/pgf/modules/pgfmodulematrix.cod
e.tex
File: pgfmodulematrix.code.tex 2023-01-15 v3.1.10 (3.1.10)
\pgfmatrixcurrentrow=\count299
\pgfmatrixcurrentcolumn=\count300
\pgf@matrix@numberofcolumns=\count301
)
\tikz@expandcount=\count302

(/usr/local/texlive/2025/texmf-dist/tex/generic/pgf/frontendlayer/tikz/librarie
s/tikzlibrarytopaths.code.tex
File: tikzlibrarytopaths.code.tex 2023-01-15 v3.1.10 (3.1.10)
)))
(/usr/local/texlive/2025/texmf-dist/tex/generic/pgf/libraries/pgflibraryarrows.
meta.code.tex
File: pgflibraryarrows.meta.code.tex 2023-01-15 v3.1.10 (3.1.10)
\pgfarrowinset=\dimen259
\pgfarrowlength=\dimen260
\pgfarrowwidth=\dimen261
\pgfarrowlinewidth=\dimen262
)
(/usr/local/texlive/2025/texmf-dist/tex/generic/pgf/frontendlayer/tikz/librarie
s/tikzlibraryangles.code.tex
File: tikzlibraryangles.code.tex 2023-01-15 v3.1.10 (3.1.10)
)
(/usr/local/texlive/2025/texmf-dist/tex/generic/pgf/frontendlayer/tikz/librarie
s/tikzlibraryquotes.code.tex
File: tikzlibraryquotes.code.tex 2023-01-15 v3.1.10 (3.1.10)
)
(/usr/local/texlive/2025/texmf-dist/tex/latex/geometry/geometry.sty
Package: geometry 2020/01/02 v5.9 Page Geometry

(/usr/local/texlive/2025/texmf-dist/tex/generic/iftex/ifvtex.sty
Package: ifvtex 2019/10/25 v1.7 ifvtex legacy package. Use iftex instead.

(/usr/local/texlive/2025/texmf-dist/tex/generic/iftex/iftex.sty
Package: iftex 2024/12/12 v1.0g TeX engine tests
))
\Gm@cnth=\count303
\Gm@cntv=\count304
\c@Gm@tempcnt=\count305
\Gm@bindingoffset=\dimen263
\Gm@wd@mp=\dimen264
\Gm@odd@mp=\dimen265
\Gm@even@mp=\dimen266
\Gm@layoutwidth=\dimen267
\Gm@layoutheight=\dimen268
\Gm@layouthoffset=\dimen269
\Gm@layoutvoffset=\dimen270
\Gm@dimlist=\toks37
)
(/usr/local/texlive/2025/texmf-dist/tex/latex/enumitem/enumitem.sty
Package: enumitem 2025/02/06 v3.11 Customized lists
\labelindent=\skip54
\enit@outerparindent=\dimen271
\enit@toks=\toks38
\enit@inbox=\box65
\enit@count@id=\count306
\enitdp@description=\count307
)
(/usr/local/texlive/2025/texmf-dist/tex/latex/psnfss/mathptmx.sty
Package: mathptmx 2020/03/25 PSNFSS-v9.3 Times w/ Math, improved (SPQR, WaS) 
LaTeX Font Info:    Redeclaring symbol font `operators' on input line 28.
LaTeX Font Info:    Overwriting symbol font `operators' in version `normal'
(Font)                  OT1/cmr/m/n --> OT1/ztmcm/m/n on input line 28.
LaTeX Font Info:    Overwriting symbol font `operators' in version `bold'
(Font)                  OT1/cmr/bx/n --> OT1/ztmcm/m/n on input line 28.
LaTeX Font Info:    Redeclaring symbol font `letters' on input line 29.
LaTeX Font Info:    Overwriting symbol font `letters' in version `normal'
(Font)                  OML/cmm/m/it --> OML/ztmcm/m/it on input line 29.
LaTeX Font Info:    Overwriting symbol font `letters' in version `bold'
(Font)                  OML/cmm/b/it --> OML/ztmcm/m/it on input line 29.
LaTeX Font Info:    Redeclaring symbol font `symbols' on input line 30.
LaTeX Font Info:    Overwriting symbol font `symbols' in version `normal'
(Font)                  OMS/cmsy/m/n --> OMS/ztmcm/m/n on input line 30.
LaTeX Font Info:    Overwriting symbol font `symbols' in version `bold'
(Font)                  OMS/cmsy/b/n --> OMS/ztmcm/m/n on input line 30.
LaTeX Font Info:    Redeclaring symbol font `largesymbols' on input line 31.
LaTeX Font Info:    Overwriting symbol font `largesymbols' in version `normal'
(Font)                  OMX/cmex/m/n --> OMX/ztmcm/m/n on input line 31.
LaTeX Font Info:    Overwriting symbol font `largesymbols' in version `bold'
(Font)                  OMX/cmex/m/n --> OMX/ztmcm/m/n on input line 31.
\symbold=\mathgroup6
\symitalic=\mathgroup7
LaTeX Font Info:    Redeclaring math alphabet \mathbf on input line 34.
LaTeX Font Info:    Overwriting math alphabet `\mathbf' in version `normal'
(Font)                  OT1/cmr/bx/n --> OT1/ptm/bx/n on input line 34.
LaTeX Font Info:    Overwriting math alphabet `\mathbf' in version `bold'
(Font)                  OT1/cmr/bx/n --> OT1/ptm/bx/n on input line 34.
LaTeX Font Info:    Redeclaring math alphabet \mathit on input line 35.
LaTeX Font Info:    Overwriting math alphabet `\mathit' in version `normal'
(Font)                  OT1/cmr/m/it --> OT1/ptm/m/it on input line 35.
LaTeX Font Info:    Overwriting math alphabet `\mathit' in version `bold'
(Font)                  OT1/cmr/bx/it --> OT1/ptm/m/it on input line 35.
LaTeX Info: Redefining \hbar on input line 50.
)
(/usr/local/texlive/2025/texmf-dist/tex/latex/needspace/needspace.sty
Package: needspace 2010/09/12 v1.3d reserve vertical space
)
(/usr/local/texlive/2025/texmf-dist/tex/latex/tools/array.sty
Package: array 2024/10/17 v2.6g Tabular extension package (FMi)
\col@sep=\dimen272
\ar@mcellbox=\box66
\extrarowheight=\dimen273
\NC@list=\toks39
\extratabsurround=\skip55
\backup@length=\skip56
\ar@cellbox=\box67
)
(/usr/local/texlive/2025/texmf-dist/tex/latex/tools/longtable.sty
Package: longtable 2024-10-27 v4.22 Multi-page Table package (DPC)
\LTleft=\skip57
\LTright=\skip58
\LTpre=\skip59
\LTpost=\skip60
\LTchunksize=\count308
\LTcapwidth=\dimen274
\LT@head=\box68
\LT@firsthead=\box69
\LT@foot=\box70
\LT@lastfoot=\box71
\LT@gbox=\box72
\LT@cols=\count309
\LT@rows=\count310
\c@LT@tables=\count311
\c@LT@chunks=\count312
\LT@p@ftn=\toks40
)
LaTeX Font Info:    Trying to load font information for OT1+ptm on input line 3
2.

(/usr/local/texlive/2025/texmf-dist/tex/latex/psnfss/ot1ptm.fd
File: ot1ptm.fd 2001/06/04 font definitions for OT1/ptm.
)
(/usr/local/texlive/2025/texmf-dist/tex/latex/l3backend/l3backend-pdftex.def
File: l3backend-pdftex.def 2024-05-08 L3 backend support: PDF output (pdfTeX)
\l__color_backend_stack_int=\count313
\l__pdf_internal_box=\box73
)
(./latex_temp_ms.aux)
\openout1 = `latex_temp_ms.aux'.

LaTeX Font Info:    Checking defaults for OML/cmm/m/it on input line 32.
LaTeX Font Info:    ... okay on input line 32.
LaTeX Font Info:    Checking defaults for OMS/cmsy/m/n on input line 32.
LaTeX Font Info:    ... okay on input line 32.
LaTeX Font Info:    Checking defaults for OT1/cmr/m/n on input line 32.
LaTeX Font Info:    ... okay on input line 32.
LaTeX Font Info:    Checking defaults for T1/cmr/m/n on input line 32.
LaTeX Font Info:    ... okay on input line 32.
LaTeX Font Info:    Checking defaults for TS1/cmr/m/n on input line 32.
LaTeX Font Info:    ... okay on input line 32.
LaTeX Font Info:    Checking defaults for OMX/cmex/m/n on input line 32.
LaTeX Font Info:    ... okay on input line 32.
LaTeX Font Info:    Checking defaults for U/cmr/m/n on input line 32.
LaTeX Font Info:    ... okay on input line 32.

(/usr/local/texlive/2025/texmf-dist/tex/context/base/mkii/supp-pdf.mkii
[Loading MPS to PDF converter (version 2006.09.02).]
\scratchcounter=\count314
\scratchdimen=\dimen275
\scratchbox=\box74
\nofMPsegments=\count315
\nofMParguments=\count316
\everyMPshowfont=\toks41
\MPscratchCnt=\count317
\MPscratchDim=\dimen276
\MPnumerator=\count318
\makeMPintoPDFobject=\count319
\everyMPtoPDFconversion=\toks42
) (/usr/local/texlive/2025/texmf-dist/tex/latex/epstopdf-pkg/epstopdf-base.sty
Package: epstopdf-base 2020-01-24 v2.11 Base part for package epstopdf
Package epstopdf-base Info: Redefining graphics rule for `.eps' on input line 4
85.

(/usr/local/texlive/2025/texmf-dist/tex/latex/latexconfig/epstopdf-sys.cfg
File: epstopdf-sys.cfg 2010/07/13 v1.3 Configuration of (r)epstopdf for TeX Liv
e
))
*geometry* driver: auto-detecting
*geometry* detected driver: pdftex
*geometry* verbose mode - [ preamble ] result:
* driver: pdftex
* paper: a4paper
* layout: <same size as paper>
* layoutoffset:(h,v)=(0.0pt,0.0pt)
* modes: 
* h-part:(L,W,R)=(57.81621pt, 481.87546pt, 57.81621pt)
* v-part:(T,H,B)=(57.81621pt, 729.41443pt, 57.81621pt)
* \paperwidth=597.50787pt
* \paperheight=845.04684pt
* \textwidth=481.87546pt
* \textheight=729.41443pt
* \oddsidemargin=-14.45378pt
* \evensidemargin=-14.45378pt
* \topmargin=-51.45378pt
* \headheight=12.0pt
* \headsep=25.0pt
* \topskip=12.0pt
* \footskip=30.0pt
* \marginparwidth=44.0pt
* \marginparsep=10.0pt
* \columnsep=10.0pt
* \skip\footins=10.8pt plus 4.0pt minus 2.0pt
* \hoffset=0.0pt
* \voffset=0.0pt
* \mag=1000
* \@twocolumnfalse
* \@twosidefalse
* \@mparswitchfalse
* \@reversemarginfalse
* (1in=72.27pt=25.4mm, 1cm=28.453pt)


Overfull \hbox (0.60628pt too wide) in alignment at lines 35--35
 [] [] [] [] 
 []

LaTeX Font Info:    Trying to load font information for OT1+ztmcm on input line
 36.
(/usr/local/texlive/2025/texmf-dist/tex/latex/psnfss/ot1ztmcm.fd
File: ot1ztmcm.fd 2000/01/03 Fontinst v1.801 font definitions for OT1/ztmcm.
)
LaTeX Font Info:    Trying to load font information for OML+ztmcm on input line
 36.

(/usr/local/texlive/2025/texmf-dist/tex/latex/psnfss/omlztmcm.fd
File: omlztmcm.fd 2000/01/03 Fontinst v1.801 font definitions for OML/ztmcm.
)
LaTeX Font Info:    Trying to load font information for OMS+ztmcm on input line
 36.

(/usr/local/texlive/2025/texmf-dist/tex/latex/psnfss/omsztmcm.fd
File: omsztmcm.fd 2000/01/03 Fontinst v1.801 font definitions for OMS/ztmcm.
)
LaTeX Font Info:    Trying to load font information for OMX+ztmcm on input line
 36.

(/usr/local/texlive/2025/texmf-dist/tex/latex/psnfss/omxztmcm.fd
File: omxztmcm.fd 2000/01/03 Fontinst v1.801 font definitions for OMX/ztmcm.
)
LaTeX Font Info:    Font shape `OT1/ptm/bx/n' in size <12> not available
(Font)              Font shape `OT1/ptm/b/n' tried instead on input line 36.
LaTeX Font Info:    Font shape `OT1/ptm/bx/n' in size <9> not available
(Font)              Font shape `OT1/ptm/b/n' tried instead on input line 36.
LaTeX Font Info:    Font shape `OT1/ptm/bx/n' in size <7> not available
(Font)              Font shape `OT1/ptm/b/n' tried instead on input line 36.

Underfull \hbox (badness 2726) in paragraph at lines 36--36
[]|\OT1/ptm/m/n/12 M1 for list-ing $\OML/ztmcm/m/it/12 A \OT1/ztmcm/m/n/12 = \O
MS/ztmcm/m/n/12 f\OT1/ztmcm/m/n/12 3\OML/ztmcm/m/it/12 ; \OT1/ztmcm/m/n/12 6\OM
L/ztmcm/m/it/12 ; \OT1/ztmcm/m/n/12 9\OML/ztmcm/m/it/12 ; \OT1/ztmcm/m/n/12 12\
OMS/ztmcm/m/n/12 g$ \OT1/ptm/m/n/12 or $\OML/ztmcm/m/it/12 B \OT1/ztmcm/m/n/12 
=
 []


Underfull \hbox (badness 6016) in paragraph at lines 42--42
\OT1/ptm/m/n/12 Entire back-ground re-gion
 []


Underfull \hbox (badness 10000) in paragraph at lines 42--42
\OT1/ptm/m/n/12 out-side both cir-cles is
 []


Underfull \hbox (badness 10000) in paragraph at lines 44--44
[]|\OT1/ptm/m/n/12 M1 for iden-ti-fy-ing $\OML/ztmcm/m/it/12 P \OMS/ztmcm/m/n/1
2 [ \OML/ztmcm/m/it/12 Q \OT1/ztmcm/m/n/12 =
 []


Underfull \hbox (badness 1038) in paragraph at lines 58--58
\OT1/ptm/m/n/12 Correct re-gions shaded ($\OML/ztmcm/m/it/12 A$
 []


Underfull \hbox (badness 2818) in paragraph at lines 59--59
\OT1/ptm/m/n/12 Correct re-gion shaded ($\OML/ztmcm/m/it/12 B$
 []


Underfull \hbox (badness 3128) in paragraph at lines 61--61
\OT1/ptm/m/n/12 Sum: $\OT1/ztmcm/m/n/12 (40 \OMS/ztmcm/m/n/12 ^^@ \OT1/ztmcm/m/
n/12 4\OML/ztmcm/m/it/12 x\OT1/ztmcm/m/n/12 ) + (37 \OMS/ztmcm/m/n/12 ^^@
 []


Underfull \hbox (badness 4217) in paragraph at lines 61--61
\OT1/ztmcm/m/n/12 (\OML/ztmcm/m/it/12 x \OT1/ztmcm/m/n/12 + 1) + 2\OML/ztmcm/m/
it/12 x \OT1/ztmcm/m/n/12 + \OML/ztmcm/m/it/12 x \OT1/ztmcm/m/n/12 + (40 \OMS/z
tmcm/m/n/12 ^^@
 []


Underfull \hbox (badness 10000) in paragraph at lines 64--64
[]|\OT1/ptm/m/n/12 M1 for de-ter-min-ing $\OML/ztmcm/m/it/12 A \OMS/ztmcm/m/n/1
2 \ \OML/ztmcm/m/it/12 B[] \OT1/ztmcm/m/n/12 =
 []


Underfull \hbox (badness 5741) in paragraph at lines 64--64
\OMS/ztmcm/m/n/12 f\OT1/ztmcm/m/n/12 3\OML/ztmcm/m/it/12 ; \OT1/ztmcm/m/n/12 6\
OML/ztmcm/m/it/12 ; \OT1/ztmcm/m/n/12 9\OML/ztmcm/m/it/12 ; \OT1/ztmcm/m/n/12 1
5\OML/ztmcm/m/it/12 ; \OT1/ztmcm/m/n/12 18\OML/ztmcm/m/it/12 ; \OT1/ztmcm/m/n/1
2 21\OML/ztmcm/m/it/12 ; \OT1/ztmcm/m/n/12 27\OML/ztmcm/m/it/12 ; \OT1/ztmcm/m/
n/12 30\OMS/ztmcm/m/n/12 g$ \OT1/ptm/m/n/12 (8 el-e-ments) or
 []


Underfull \hbox (badness 1997) in paragraph at lines 68--68
\OT1/ptm/m/n/12 A and B ex-clud-ing C is
 []


Overfull \hbox (1.31233pt too wide) in paragraph at lines 76--76
[]|\OT1/ptm/b/n/12 16\OT1/ptm/m/n/12 (b)(iii)| 
 []


Underfull \hbox (badness 1824) in paragraph at lines 83--83
[]|\OT1/ptm/m/n/12 Thirty mil-lion forty thou-
 []


Overfull \hbox (1.31233pt too wide) in paragraph at lines 88--88
[]|\OT1/ptm/b/n/12 21\OT1/ptm/m/n/12 (b)(iii)| 
 []


Underfull \hbox (badness 1297) in paragraph at lines 99--99
[]|\OT1/ptm/m/n/12 B1 for both cor-rect and no ex-tras (note:
 []


Overfull \hbox (1.31233pt too wide) in paragraph at lines 109--109
[]|\OT1/ptm/b/n/12 28\OT1/ptm/m/n/12 (b)(iii)| 
 []


Underfull \hbox (badness 10000) in paragraph at lines 117--117
[]|$[] \OT1/ztmcm/m/n/12 =
 []


Underfull \hbox (badness 10000) in paragraph at lines 117--117
\OT1/ptm/m/n/12 Correct cal-cu-la-tion:
 []


Underfull \hbox (badness 10000) in paragraph at lines 117--117
[]$ \OT1/ptm/m/n/12 is a typo
 []


Underfull \hbox (badness 10000) in paragraph at lines 118--118
\OT1/ptm/m/n/12 M1 for com-par-ing min-i-mum pow-ers:
 []


Overfull \hbox (1.31233pt too wide) in paragraph at lines 123--123
[]|\OT1/ptm/b/n/12 34\OT1/ptm/m/n/12 (b)(iii)| 
 []


Underfull \hbox (badness 10000) in paragraph at lines 126--126
[]|\OT1/ptm/m/n/12 M1 for frac-tional rep-re-sen-ta-tions $[]$
 []


Underfull \hbox (badness 4168) in paragraph at lines 126--126
\OT1/ptm/m/n/12 and $[]$ or equiv-a-lent con-ver-sion to find
 []


Underfull \hbox (badness 1478) in paragraph at lines 144--144
[]|\OT1/ptm/m/n/12 B1 for im-proper frac-tion sim-pli-fied com-
 []


Underfull \hbox (badness 1371) in paragraph at lines 154--154
[]|$[] \OMS/ztmcm/m/n/12 ^^B \OT1/ztmcm/m/n/12 12 \OMS/ztmcm/m/n/12 ^^B [] \OT1
/ztmcm/m/n/12 = [] = [] =
 []


Underfull \hbox (badness 1975) in paragraph at lines 155--155
[]|\OT1/ptm/m/n/12 Any dec-i-mal $\OML/ztmcm/m/it/12 d$ \OT1/ptm/m/n/12 such th
at
 []


Underfull \hbox (badness 7667) in paragraph at lines 155--155
\OT1/ztmcm/m/n/12 0\OML/ztmcm/m/it/12 :\OT1/ztmcm/m/n/12 875 \OML/ztmcm/m/it/12
 < d < \OT1/ztmcm/m/n/12 0\OML/ztmcm/m/it/12 :\OT1/ztmcm/m/n/12 88$ \OT1/ptm/m/
n/12 (e.g.,
 []


Underfull \hbox (badness 10000) in paragraph at lines 159--159
\OT1/ztmcm/m/n/12 0\OML/ztmcm/m/it/12 :\OT1/ztmcm/m/n/12 8125$ \OT1/ptm/m/n/12 
or long di-vi-sion
 []


Underfull \hbox (badness 1221) in paragraph at lines 160--160
[]|$\OML/ztmcm/m/it/12 A \OT1/ztmcm/m/n/12 = \OML/ztmcm/m/it/12 B;  C;  D$ \OT1
/ptm/m/n/12 or $[] \OT1/ztmcm/m/n/12 =
 []


Underfull \hbox (badness 1975) in paragraph at lines 163--163
[]|\OT1/ptm/m/n/12 Any dec-i-mal $\OML/ztmcm/m/it/12 d$ \OT1/ptm/m/n/12 such th
at
 []


Underfull \hbox (badness 10000) in paragraph at lines 163--163
\OT1/ztmcm/m/n/12 0\OML/ztmcm/m/it/12 :\OT1/ztmcm/m/n/12 5 \OML/ztmcm/m/it/12 <
 d < \OT1/ztmcm/m/n/12 0\OML/ztmcm/m/it/12 :\OT1/ztmcm/m/n/12 501$ \OT1/ptm/m/n
/12 (e.g.,
 []


Underfull \hbox (badness 2065) in paragraph at lines 168--168
[]|\OT1/ptm/m/n/12 M1 for es-tab-lish-ing dec-i-mal bench-marks:
 []


Underfull \hbox (badness 10000) in paragraph at lines 170--170
[]|\OT1/ptm/m/n/12 M1 for eval-u-at-ing nu-mer-i-cal in-dices:
 []


Underfull \hbox (badness 10000) in paragraph at lines 171--171
[]|\OT1/ptm/m/n/12 B1 for con-vert-ing val-ues to dec-i-mals:
 []


Underfull \hbox (badness 10000) in paragraph at lines 172--172
[]|\OT1/ptm/m/n/12 M1 for es-tab-lish-ing base-line forms:
 []


Underfull \hbox (badness 5431) in paragraph at lines 174--174
[]|\OT1/ptm/m/n/12 M1 for con-vert-ing to con-sis-tent forms:
 []


Underfull \hbox (badness 2050) in paragraph at lines 176--176
[]|\OT1/ptm/m/n/12 M1 for eval-u-at-ing in-dex term to $[]$ and
 []


Underfull \hbox (badness 10000) in paragraph at lines 176--176
\OT1/ptm/m/n/12 find-ing match-ing dec-i-mal bench-marks:
 []


Overfull \hbox (34.82265pt too wide) in paragraph at lines 178--178
[]|$\OT1/ztmcm/m/n/12 67\OML/ztmcm/m/it/12 :\OT1/ztmcm/m/n/12 5%\OML/ztmcm/m/it
/12 ;  [];  \OT1/ztmcm/m/n/12 0\OML/ztmcm/m/it/12 :\OT1/ztmcm/m/n/12 682\OML/zt
mcm/m/it/12 ;  [][] \OMS/ztmcm/m/n/12 ^^B
 []


Underfull \hbox (badness 1406) in paragraph at lines 180--180
\OT1/ztmcm/m/n/12 0\OML/ztmcm/m/it/12 :\OT1/ztmcm/m/n/12 75\OML/ztmcm/m/it/12 ;
 \OT1/ztmcm/m/n/12 0\OML/ztmcm/m/it/12 :\OT1/ztmcm/m/n/12 80\OML/ztmcm/m/it/12 
; \OT1/ztmcm/m/n/12 0\OML/ztmcm/m/it/12 :\OT1/ztmcm/m/n/12 82\OML/ztmcm/m/it/12
 ; \OT1/ztmcm/m/n/12 0\OML/ztmcm/m/it/12 :\OT1/ztmcm/m/n/12 875$ \OT1/ptm/m/n/1
2 to lo-cate the largest
 []


Underfull \hbox (badness 10000) in paragraph at lines 181--181
[]|\OT1/ptm/m/n/12 B1 for iden-ti-fy-ing $[][] \OT1/ztmcm/m/n/12 = [] \OMS/ztmc
m/m/n/12 ^^Y
 []


Underfull \hbox (badness 1406) in paragraph at lines 182--182
\OT1/ztmcm/m/n/12 0\OML/ztmcm/m/it/12 :\OT1/ztmcm/m/n/12 75\OML/ztmcm/m/it/12 ;
 \OT1/ztmcm/m/n/12 0\OML/ztmcm/m/it/12 :\OT1/ztmcm/m/n/12 80\OML/ztmcm/m/it/12 
; \OT1/ztmcm/m/n/12 0\OML/ztmcm/m/it/12 :\OT1/ztmcm/m/n/12 82\OML/ztmcm/m/it/12
 ; \OT1/ztmcm/m/n/12 0\OML/ztmcm/m/it/12 :\OT1/ztmcm/m/n/12 875$ \OT1/ptm/m/n/1
2 to lo-cate the largest
 []


Underfull \hbox (badness 10000) in paragraph at lines 183--183
[]|\OT1/ptm/m/n/12 B1 for iden-ti-fy-ing $[][] \OT1/ztmcm/m/n/12 = [] \OMS/ztmc
m/m/n/12 ^^Y
 []

! Missing $ inserted.
<inserted text> 
                $
l.191 \textbf{66}(b) & V_
                         2, V_3, V_4, V_5, V_1 & 2 & B2 for all correct or B...
I've inserted a begin-math/end-math symbol since I think
you left one out. Proceed, with fingers crossed.

! Missing $ inserted.
<inserted text> 
                $
l.191 \textbf{66}(b) & V_2, V_3, V_4, V_5, V_1 &
                                                 2 & B2 for all correct or B...
I've inserted a begin-math/end-math symbol since I think
you left one out. Proceed, with fingers crossed.

! Missing $ inserted.
<inserted text> 
                $
l.202 \textbf{70}(a) & \left
                            (\dfrac{27}{8}\right)^{\frac{2}{3}} = \left(\dfr...
I've inserted a begin-math/end-math symbol since I think
you left one out. Proceed, with fingers crossed.

! Missing $ inserted.
<inserted text> 
                $
l.202 ...ft(\dfrac{3}{2}\right)^2 = \dfrac{9}{4} &
                                                   2 & M1 for reciprocating ...
I've inserted a begin-math/end-math symbol since I think
you left one out. Proceed, with fingers crossed.

! Missing $ inserted.
<inserted text> 
                $
l.203 \textbf{70}(b) & X_
                         1, X_2, X_3, X_5, X_4 & 2 & B2 for all correct or B...
I've inserted a begin-math/end-math symbol since I think
you left one out. Proceed, with fingers crossed.

! Missing $ inserted.
<inserted text> 
                $
l.203 \textbf{70}(b) & X_1, X_2, X_3, X_5, X_4 &
                                                 2 & B2 for all correct or B...
I've inserted a begin-math/end-math symbol since I think
you left one out. Proceed, with fingers crossed.


Overfull \hbox (0.60628pt too wide) in alignment at lines 35--242
 [] [] [] [] 
 []


Underfull \hbox (badness 4531) in paragraph at lines 249--249
[]|\OT1/ptm/m/n/12 M1 for con-vert-ing to im-proper frac-tion
 []


Underfull \hbox (badness 3724) in paragraph at lines 250--250
[]|\OT1/ptm/m/n/12 M1 for writ-ing all terms with base 3:
 []


Underfull \hbox (badness 10000) in paragraph at lines 281--281
[]|\OT1/ptm/m/n/12 M1 for $[]$ or
 []


Underfull \hbox (badness 4647) in paragraph at lines 282--282
[]|\OT1/ptm/m/n/12 M1 for $\OT1/ztmcm/m/n/12 4\OML/ztmcm/m/it/12 :\OT1/ztmcm/m/
n/12 76 \OMS/ztmcm/m/n/12 ^^B \OT1/ztmcm/m/n/12 10[] + 0\OML/ztmcm/m/it/12 :\OT
1/ztmcm/m/n/12 0895 \OMS/ztmcm/m/n/12 ^^B \OT1/ztmcm/m/n/12 10[]$ \OT1/ptm/m/n/
12 or
 []

LaTeX Font Info:    Trying to load font information for TS1+ptm on input line 2
95.
(/usr/local/texlive/2025/texmf-dist/tex/latex/psnfss/ts1ptm.fd
File: ts1ptm.fd 2001/06/04 font definitions for TS1/ptm.
)
Underfull \hbox (badness 1163) in paragraph at lines 311--311
[]|\OT1/ptm/m/n/12 M1 for ac-tual area $\OT1/ztmcm/m/n/12 = 12 \OMS/ztmcm/m/n/1
2 ^^B \OT1/ztmcm/m/n/12 16 = 192[][]$\OT1/ptm/m/n/12 ,
 []


Underfull \hbox (badness 4595) in paragraph at lines 311--311
\OT1/ztmcm/m/n/12 1920000[][]$\OT1/ptm/m/n/12 , A1 for $\OML/ztmcm/m/it/12 n[] 
\OT1/ztmcm/m/n/12 = [] =
 []


Overfull \hbox (3.30438pt too wide) in paragraph at lines 340--340
[]|\OT1/ptm/b/n/12 136\OT1/ptm/m/n/12 (a)(ii)| 
 []


Overfull \hbox (3.30438pt too wide) in paragraph at lines 343--343
[]|\OT1/ptm/b/n/12 137\OT1/ptm/m/n/12 (a)(ii)| 
 []


Underfull \hbox (badness 7099) in paragraph at lines 347--347
[]|\OT1/ptm/m/n/12 M1 for fuel vol-ume $\OT1/ztmcm/m/n/12 = [] \OMS/ztmcm/m/n/1
2 ^^B \OT1/ztmcm/m/n/12 14\OML/ztmcm/m/it/12 :\OT1/ztmcm/m/n/12 8 =
 []


Underfull \hbox (badness 2119) in paragraph at lines 348--348
[]|\OT1/ptm/m/n/12 M1 for cost in CAD $\OT1/ztmcm/m/n/12 = 95\OML/ztmcm/m/it/12
 :\OT1/ztmcm/m/n/12 46 \OMS/ztmcm/m/n/12 ^^B \OT1/ztmcm/m/n/12 1\OML/ztmcm/m/it
/12 :\OT1/ztmcm/m/n/12 64 =
 []


Underfull \hbox (badness 10000) in paragraph at lines 349--349
[]|\OT1/ptm/m/n/12 M1 for con-vert-ing CAD to GBP:
 []


Overfull \hbox (3.30438pt too wide) in paragraph at lines 358--358
[]|\OT1/ptm/b/n/12 142\OT1/ptm/m/n/12 (a)(ii)| 
 []


Overfull \hbox (3.30438pt too wide) in paragraph at lines 361--361
[]|\OT1/ptm/b/n/12 143\OT1/ptm/m/n/12 (a)(ii)| 
 []


Underfull \hbox (badness 10000) in paragraph at lines 362--362
[]|$[] [] \OT1/ztmcm/m/n/12 =
 []


Underfull \hbox (badness 10000) in paragraph at lines 362--362
[]|\OT1/ptm/m/n/12 M1 for prod-uct of mul-ti-pli-ers or
 []


Overfull \hbox (3.30438pt too wide) in paragraph at lines 364--364
[]|\OT1/ptm/b/n/12 144\OT1/ptm/m/n/12 (a)(ii)| 
 []


Overfull \hbox (6.64026pt too wide) in paragraph at lines 365--365
[]|\OT1/ptm/b/n/12 144\OT1/ptm/m/n/12 (a)(iii)| 
 []


Underfull \hbox (badness 4391) in paragraph at lines 368--368
[]|\OT1/ptm/m/n/12 M2 for $\OT1/ztmcm/m/n/12 125000 \OMS/ztmcm/m/n/12 ^^B \OT1/
ztmcm/m/n/12 (1\OML/ztmcm/m/it/12 :\OT1/ztmcm/m/n/12 0425)[]$ \OT1/ptm/m/n/12 o
r M1 for
 []

! Extra alignment tab has been changed to \cr.
<recently read> \endtemplate 
                             
l.374 \textbf{148} &
                     & & M1 for $480000 \times 0.0565 \times 7.25$ \\ \hline
You have given more \span or & marks than there were
in the preamble to the \halign or \valign now in progress.
So I'll assume that you meant to type \cr instead.


Overfull \hbox (12.18063pt too wide) in paragraph at lines 374--374
\OT1/ztmcm/m/n/12 480000 \OMS/ztmcm/m/n/12 ^^B
 []


Overfull \hbox (9.5045pt too wide) in paragraph at lines 374--374
\OT1/ztmcm/m/n/12 0\OML/ztmcm/m/it/12 :\OT1/ztmcm/m/n/12 0565 \OMS/ztmcm/m/n/12
 ^^B
 []

! Extra alignment tab has been changed to \cr.
<recently read> \endtemplate 
                             
l.377 \textbf{148} &
                     & & A1 for $n = 11$ (since $10$ years gives $\approx 59...
You have given more \span or & marks than there were
in the preamble to the \halign or \valign now in progress.
So I'll assume that you meant to type \cr instead.


Underfull \hbox (badness 10000) in paragraph at lines 377--377
\OT1/ptm/m/n/12 (since
 []


Underfull \hbox (badness 10000) in paragraph at lines 377--377
\OT1/ztmcm/m/n/12 10$
 []


Underfull \hbox (badness 10000) in paragraph at lines 377--377
\OT1/ptm/m/n/12 years
 []


Underfull \hbox (badness 10000) in paragraph at lines 377--377
\OT1/ptm/m/n/12 gives
 []


Underfull \hbox (badness 10000) in paragraph at lines 377--377
\OMS/ztmcm/m/n/12 ^^Y
 []


Overfull \hbox (5.85274pt too wide) in paragraph at lines 377--377
\OT1/ztmcm/m/n/12 599650$\OT1/ptm/m/n/12 )| 
 []


Overfull \hbox (0.64058pt too wide) in paragraph at lines 385--385
[]|\OT1/ptm/b/n/12 152\OT1/ptm/m/n/12 (b)(i)| 
 []


Overfull \hbox (3.97646pt too wide) in paragraph at lines 386--386
[]|\OT1/ptm/b/n/12 152\OT1/ptm/m/n/12 (b)(ii)| 
 []


Overfull \hbox (0.60628pt too wide) in alignment at lines 242--389
 [] [] [] [] 
 []

[1

{/usr/local/texlive/2025/texmf-var/fonts/map/pdftex/updmap/pdftex.map}{/usr/loc
al/texlive/2025/texmf-dist/fonts/enc/dvips/base/8r.enc}] [2] [3] [4] [5]
[6] [7] [8] [9] [10] [11] [12] [13] [14] [15] [16] [17] [18] [19] [20] [21]
[22] [23]

[24] (./latex_temp_ms.aux)
 ***********
LaTeX2e <2024-11-01> patch level 2
L3 programming layer <2025-01-18>
 ***********
 ) 
Here is how much of TeX's memory you used:
 14727 strings out of 473190
 295310 string characters out of 5715799
 1038748 words of memory out of 5000000
 37695 multiletter control sequences out of 15000+600000
 585902 words of font info for 94 fonts, out of 8000000 for 9000
 1141 hyphenation exceptions out of 8191
 102i,13n,107p,1020b,755s stack positions out of 10000i,1000n,20000p,200000b,200000s
</usr/local/texlive/2025/texmf-dist/fonts/type1/public/amsfonts/cm/cmex10.pfb
></usr/local/texlive/2025/texmf-dist/fonts/type1/public/amsfonts/cm/cmmi10.pfb>
</usr/local/texlive/2025/texmf-dist/fonts/type1/public/amsfonts/cm/cmr10.pfb></
usr/local/texlive/2025/texmf-dist/fonts/type1/public/amsfonts/cm/cmsy10.pfb></u
sr/local/texlive/2025/texmf-dist/fonts/type1/urw/symbol/usyr.pfb></usr/local/te
xlive/2025/texmf-dist/fonts/type1/urw/times/utmb8a.pfb></usr/local/texlive/2025
/texmf-dist/fonts/type1/urw/times/utmr8a.pfb></usr/local/texlive/2025/texmf-dis
t/fonts/type1/urw/times/utmri8a.pfb>
Output written on latex_temp_ms.pdf (24 pages, 154758 bytes).
PDF statistics:
 125 PDF objects out of 1000 (max. 8388607)
 82 compressed objects within 1 object stream
 0 named destinations out of 1000 (max. 500000)
 13 words of extra memory for PDF output out of 10000 (max. 10000000)

